../Core/Src/main.c:111:5:main	8	static
../Core/Src/main.c:186:6:SystemClock_Config	96	static
../Core/Src/main.c:236:13:MX_DAC_Init	16	static
../Core/Src/main.c:283:13:MX_RTC_Init	8	static
../Core/Src/main.c:318:13:MX_TIM1_Init	80	static
../Core/Src/main.c:386:13:MX_TIM12_Init	56	static
../Core/Src/main.c:442:13:MX_USART6_UART_Init	8	static
../Core/Src/main.c:475:13:MX_GPIO_Init	56	static
../Core/Src/main.c:534:6:transmit	56	static
../Core/Src/main.c:540:6:resetMotors	4	static
../Core/Src/main.c:542:6:handleCommand	16	static
../Core/Src/main.c:571:6:enqueueMove	24	static
../Core/Src/main.c:580:6:sendPos	48	static
../Core/Src/main.c:586:6:handlePos	24	static
../Core/Src/main.c:598:11:dequeueMove	16	static
../Core/Src/main.c:606:6:send_pulses	32	static
../Core/Src/main.c:651:6:HAL_UART_RxCpltCallback	16	static
../Core/Src/main.c:676:6:Error_Handler	4	static,ignoring_inline_asm
