../Drivers/STM32F2xx_HAL_Driver/Src/stm32f2xx_hal_rtc_ex.c:163:19:HAL_RTCEx_SetTimeStamp	32	static
../Drivers/STM32F2xx_HAL_Driver/Src/stm32f2xx_hal_rtc_ex.c:231:19:HAL_RTCEx_SetTimeStamp_IT	32	static
../Drivers/STM32F2xx_HAL_Driver/Src/stm32f2xx_hal_rtc_ex.c:294:19:HAL_RTCEx_DeactivateTimeStamp	24	static
../Drivers/STM32F2xx_HAL_Driver/Src/stm32f2xx_hal_rtc_ex.c:338:19:HAL_RTCEx_GetTimeStamp	32	static
../Drivers/STM32F2xx_HAL_Driver/Src/stm32f2xx_hal_rtc_ex.c:390:19:HAL_RTCEx_SetTamper	24	static
../Drivers/STM32F2xx_HAL_Driver/Src/stm32f2xx_hal_rtc_ex.c:451:19:HAL_RTCEx_SetTamper_IT	24	static
../Drivers/STM32F2xx_HAL_Driver/Src/stm32f2xx_hal_rtc_ex.c:518:19:HAL_RTCEx_DeactivateTamper	16	static
../Drivers/STM32F2xx_HAL_Driver/Src/stm32f2xx_hal_rtc_ex.c:544:6:HAL_RTCEx_TamperTimeStampIRQHandler	16	static
../Drivers/STM32F2xx_HAL_Driver/Src/stm32f2xx_hal_rtc_ex.c:596:13:HAL_RTCEx_TimeStampEventCallback	16	static
../Drivers/STM32F2xx_HAL_Driver/Src/stm32f2xx_hal_rtc_ex.c:612:13:HAL_RTCEx_Tamper1EventCallback	16	static
../Drivers/STM32F2xx_HAL_Driver/Src/stm32f2xx_hal_rtc_ex.c:629:19:HAL_RTCEx_PollForTimeStampEvent	24	static
../Drivers/STM32F2xx_HAL_Driver/Src/stm32f2xx_hal_rtc_ex.c:672:19:HAL_RTCEx_PollForTamper1Event	24	static
../Drivers/STM32F2xx_HAL_Driver/Src/stm32f2xx_hal_rtc_ex.c:727:19:HAL_RTCEx_SetWakeUpTimer	32	static
../Drivers/STM32F2xx_HAL_Driver/Src/stm32f2xx_hal_rtc_ex.c:823:19:HAL_RTCEx_SetWakeUpTimer_IT	32	static
../Drivers/STM32F2xx_HAL_Driver/Src/stm32f2xx_hal_rtc_ex.c:924:19:HAL_RTCEx_DeactivateWakeUpTimer	24	static
../Drivers/STM32F2xx_HAL_Driver/Src/stm32f2xx_hal_rtc_ex.c:979:10:HAL_RTCEx_GetWakeUpTimer	16	static
../Drivers/STM32F2xx_HAL_Driver/Src/stm32f2xx_hal_rtc_ex.c:996:6:HAL_RTCEx_WakeUpTimerIRQHandler	16	static
../Drivers/STM32F2xx_HAL_Driver/Src/stm32f2xx_hal_rtc_ex.c:1025:13:HAL_RTCEx_WakeUpTimerEventCallback	16	static
../Drivers/STM32F2xx_HAL_Driver/Src/stm32f2xx_hal_rtc_ex.c:1042:19:HAL_RTCEx_PollForWakeUpTimerEvent	24	static
../Drivers/STM32F2xx_HAL_Driver/Src/stm32f2xx_hal_rtc_ex.c:1107:6:HAL_RTCEx_BKUPWrite	32	static
../Drivers/STM32F2xx_HAL_Driver/Src/stm32f2xx_hal_rtc_ex.c:1130:10:HAL_RTCEx_BKUPRead	24	static
../Drivers/STM32F2xx_HAL_Driver/Src/stm32f2xx_hal_rtc_ex.c:1161:19:HAL_RTCEx_SetCoarseCalib	32	static
../Drivers/STM32F2xx_HAL_Driver/Src/stm32f2xx_hal_rtc_ex.c:1212:19:HAL_RTCEx_DeactivateCoarseCalib	24	static
../Drivers/STM32F2xx_HAL_Driver/Src/stm32f2xx_hal_rtc_ex.c:1256:19:HAL_RTCEx_SetCalibrationOutPut	16	static
../Drivers/STM32F2xx_HAL_Driver/Src/stm32f2xx_hal_rtc_ex.c:1286:19:HAL_RTCEx_DeactivateCalibrationOutPut	16	static
../Drivers/STM32F2xx_HAL_Driver/Src/stm32f2xx_hal_rtc_ex.c:1316:19:HAL_RTCEx_SetRefClock	24	static
../Drivers/STM32F2xx_HAL_Driver/Src/stm32f2xx_hal_rtc_ex.c:1360:19:HAL_RTCEx_DeactivateRefClock	24	static
../Drivers/STM32F2xx_HAL_Driver/Src/stm32f2xx_hal_rtc_ex.c:1423:13:HAL_RTCEx_AlarmBEventCallback	16	static
../Drivers/STM32F2xx_HAL_Driver/Src/stm32f2xx_hal_rtc_ex.c:1440:19:HAL_RTCEx_PollForAlarmBEvent	24	static
