../Drivers/STM32F2xx_HAL_Driver/Src/stm32f2xx_hal_dac.c:284:19:HAL_DAC_Init	16	static
../Drivers/STM32F2xx_HAL_Driver/Src/stm32f2xx_hal_dac.c:345:19:HAL_DAC_DeInit	16	static
../Drivers/STM32F2xx_HAL_Driver/Src/stm32f2xx_hal_dac.c:390:13:HAL_DAC_MspInit	16	static
../Drivers/STM32F2xx_HAL_Driver/Src/stm32f2xx_hal_dac.c:406:13:HAL_DAC_MspDeInit	16	static
../Drivers/STM32F2xx_HAL_Driver/Src/stm32f2xx_hal_dac.c:448:19:HAL_DAC_Start	16	static
../Drivers/STM32F2xx_HAL_Driver/Src/stm32f2xx_hal_dac.c:509:19:HAL_DAC_Stop	16	static
../Drivers/STM32F2xx_HAL_Driver/Src/stm32f2xx_hal_dac.c:547:19:HAL_DAC_Start_DMA	32	static
../Drivers/STM32F2xx_HAL_Driver/Src/stm32f2xx_hal_dac.c:679:19:HAL_DAC_Stop_DMA	16	static
../Drivers/STM32F2xx_HAL_Driver/Src/stm32f2xx_hal_dac.c:733:6:HAL_DAC_IRQHandler	24	static
../Drivers/STM32F2xx_HAL_Driver/Src/stm32f2xx_hal_dac.c:809:19:HAL_DAC_SetValue	32	static
../Drivers/STM32F2xx_HAL_Driver/Src/stm32f2xx_hal_dac.c:849:13:HAL_DAC_ConvCpltCallbackCh1	16	static
../Drivers/STM32F2xx_HAL_Driver/Src/stm32f2xx_hal_dac.c:865:13:HAL_DAC_ConvHalfCpltCallbackCh1	16	static
../Drivers/STM32F2xx_HAL_Driver/Src/stm32f2xx_hal_dac.c:881:13:HAL_DAC_ErrorCallbackCh1	16	static
../Drivers/STM32F2xx_HAL_Driver/Src/stm32f2xx_hal_dac.c:897:13:HAL_DAC_DMAUnderrunCallbackCh1	16	static
../Drivers/STM32F2xx_HAL_Driver/Src/stm32f2xx_hal_dac.c:936:10:HAL_DAC_GetValue	24	static
../Drivers/STM32F2xx_HAL_Driver/Src/stm32f2xx_hal_dac.c:974:19:HAL_DAC_ConfigChannel	40	static
../Drivers/STM32F2xx_HAL_Driver/Src/stm32f2xx_hal_dac.c:1050:22:HAL_DAC_GetState	16	static
../Drivers/STM32F2xx_HAL_Driver/Src/stm32f2xx_hal_dac.c:1063:10:HAL_DAC_GetError	16	static
../Drivers/STM32F2xx_HAL_Driver/Src/stm32f2xx_hal_dac.c:1335:6:DAC_DMAConvCpltCh1	24	static
../Drivers/STM32F2xx_HAL_Driver/Src/stm32f2xx_hal_dac.c:1354:6:DAC_DMAHalfConvCpltCh1	24	static
../Drivers/STM32F2xx_HAL_Driver/Src/stm32f2xx_hal_dac.c:1371:6:DAC_DMAErrorCh1	24	static
