../Drivers/STM32F2xx_HAL_Driver/Src/stm32f2xx_hal_dma.c:172:19:HAL_DMA_Init	32	static
../Drivers/STM32F2xx_HAL_Driver/Src/stm32f2xx_hal_dma.c:312:19:HAL_DMA_DeInit	24	static
../Drivers/STM32F2xx_HAL_Driver/Src/stm32f2xx_hal_dma.c:410:19:HAL_DMA_Start	32	static
../Drivers/STM32F2xx_HAL_Driver/Src/stm32f2xx_hal_dma.c:454:19:HAL_DMA_Start_IT	32	static
../Drivers/STM32F2xx_HAL_Driver/Src/stm32f2xx_hal_dma.c:516:19:HAL_DMA_Abort	24	static
../Drivers/STM32F2xx_HAL_Driver/Src/stm32f2xx_hal_dma.c:583:19:HAL_DMA_Abort_IT	16	static
../Drivers/STM32F2xx_HAL_Driver/Src/stm32f2xx_hal_dma.c:613:19:HAL_DMA_PollForTransfer	48	static
../Drivers/STM32F2xx_HAL_Driver/Src/stm32f2xx_hal_dma.c:750:6:HAL_DMA_IRQHandler	32	static
../Drivers/STM32F2xx_HAL_Driver/Src/stm32f2xx_hal_dma.c:971:19:HAL_DMA_RegisterCallback	32	static
../Drivers/STM32F2xx_HAL_Driver/Src/stm32f2xx_hal_dma.c:1033:19:HAL_DMA_UnRegisterCallback	24	static
../Drivers/STM32F2xx_HAL_Driver/Src/stm32f2xx_hal_dma.c:1118:22:HAL_DMA_GetState	16	static
../Drivers/STM32F2xx_HAL_Driver/Src/stm32f2xx_hal_dma.c:1129:10:HAL_DMA_GetError	16	static
../Drivers/STM32F2xx_HAL_Driver/Src/stm32f2xx_hal_dma.c:1155:13:DMA_SetConfig	24	static
../Drivers/STM32F2xx_HAL_Driver/Src/stm32f2xx_hal_dma.c:1189:17:DMA_CalcBaseAndBitshift	24	static
../Drivers/STM32F2xx_HAL_Driver/Src/stm32f2xx_hal_dma.c:1217:26:DMA_CheckFifoParam	24	static
